---
source: src/zulti_polygons.rs
expression: writer
---
[
    0,
    0,
    0,
    0,
    0,
    0,
    0,
    0,
    0,
    0,
    0,
    0,
    0,
    0,
    0,
    0,
    0,
    0,
    0,
    0,
    0,
    0,
    52,
    64,
    0,
    0,
    0,
    0,
    0,
    0,
    36,
    64,
    2,
    0,
    0,
    0,
    0,
    0,
    0,
    0,
    96,
    0,
    0,
    0,
    0,
    0,
    0,
    0,
    0,
    0,
    0,
    0,
    0,
    0,
    0,
    0,
    0,
    0,
    0,
    0,
    0,
    0,
    0,
    0,
    0,
    0,
    0,
    0,
    0,
    0,
    36,
    64,
    0,
    0,
    0,
    0,
    0,
    0,
    36,
    64,
    0,
    0,
    0,
    0,
    0,
    0,
    0,
    0,
    0,
    0,
    0,
    0,
    0,
    0,
    0,
    0,
    0,
    0,
    0,
    0,
    0,
    0,
    36,
    64,
    0,
    0,
    0,
    0,
    0,
    0,
    0,
    0,
    0,
    0,
    0,
    0,
    0,
    0,
    0,
    0,
    0,
    0,
    0,
    0,
    0,
    0,
    36,
    64,
    0,
    0,
    0,
    0,
    0,
    0,
    0,
    0,
    0,
    0,
    0,
    0,
    0,
    0,
    0,
    0,
    0,
    0,
    0,
    0,
    0,
    0,
    36,
    64,
    0,
    0,
    0,
    0,
    0,
    0,
    0,
    0,
    0,
    0,
    0,
    0,
    0,
    0,
    52,
    64,
    0,
    0,
    0,
    0,
    0,
    0,
    36,
    64,
    0,
    0,
    0,
    0,
    0,
    0,
    36,
    64,
    0,
    0,
    0,
    0,
    0,
    0,
    36,
    64,
    0,
    0,
    0,
    0,
    0,
    0,
    52,
    64,
    0,
    0,
    0,
    0,
    0,
    0,
    0,
    0,
    0,
    0,
    0,
    0,
    0,
    0,
    52,
    64,
    0,
    0,
    0,
    0,
    0,
    0,
    36,
    64,
    0,
    0,
    0,
    0,
    0,
    0,
    36,
    64,
    0,
    0,
    0,
    0,
    0,
    0,
    36,
    64,
]
